Bacon ipsum dolor amet tongue frankfurter leberkas picanha ground round buffalo Swine ball tip tongue turducken doner flank shank strip steak filet mignon Capicola tenderloin buffalo doner sirloin t-bone kevin short ribs burgdoggen rump sausage pork shoulder turkey Shank alcatra chislic cow pastrami short ribs ribeye pig tongue hamburger jowl tenderloin sausage