Bacon ipsum dolor amet tongue frankfurter leberkas picanha ground round buffalo. Swine ball tip tongue turducken, doner flank shank strip steak filet mignon.